// Jest Snapshot v1, https://goo.gl/fbAQLP

exports[`NavBar should match snapshot with all information passing in correctly 1`] = `
<nav>
  <h1>
    Consuelo
  </h1>
  <section>
    <NavLink
      activeClassName="active-nav"
      className="nav-link"
      to="/about"
    >
      About
    </NavLink>
    <NavLink
      activeClassName="active-nav"
      className="nav-link"
      to="/projects"
    >
      Projects
    </NavLink>
    <NavLink
      activeClassName="active-nav"
      className="nav-link"
      to="/contact"
    >
      Contact
    </NavLink>
  </section>
</nav>
`;
